[[34m2026-04-09T19:29:09.839+0000[0m] {[34m__init__.py:[0m43} INFO[0m - Loaded API auth backend: airflow.api.auth.backend.basic_auth[0m
[[34m2026-04-09T19:29:09.840+0000[0m] {[34m__init__.py:[0m43} INFO[0m - Loaded API auth backend: airflow.api.auth.backend.session[0m
     |                   |                      |                      |                     |          |                  | last_scheduling_deci |                     |          |            |       
conf | dag_id            | dag_run_id           | data_interval_start  | data_interval_end   | end_date | external_trigger | sion                 | logical_date        | run_type | start_date | state 
=====+===================+======================+======================+=====================+==========+==================+======================+=====================+==========+============+=======
{}   | vlm_data_pipeline | manual__2026-04-09T1 | 2026-04-09           | 2026-04-09          | None     | True             | None                 | 2026-04-09          | manual   | None       | queued
     |                   | 9:29:10+00:00        | 19:29:10+00:00       | 19:29:10+00:00      |          |                  |                      | 19:29:10+00:00      |          |            |       
                                                                                                                                                                                                        
[[34m2026-04-09T19:32:03.421+0000[0m] {[34m__init__.py:[0m43} INFO[0m - Loaded API auth backend: airflow.api.auth.backend.basic_auth[0m
[[34m2026-04-09T19:32:03.421+0000[0m] {[34m__init__.py:[0m43} INFO[0m - Loaded API auth backend: airflow.api.auth.backend.session[0m
     |                   |                      |                      |                     |          |                  | last_scheduling_deci |                     |          |            |       
conf | dag_id            | dag_run_id           | data_interval_start  | data_interval_end   | end_date | external_trigger | sion                 | logical_date        | run_type | start_date | state 
=====+===================+======================+======================+=====================+==========+==================+======================+=====================+==========+============+=======
{}   | vlm_data_pipeline | manual__2026-04-09T1 | 2026-04-09           | 2026-04-09          | None     | True             | None                 | 2026-04-09          | manual   | None       | queued
     |                   | 9:32:03+00:00        | 19:32:03+00:00       | 19:32:03+00:00      |          |                  |                      | 19:32:03+00:00      |          |            |       
                                                                                                                                                                                                        
[[34m2026-04-09T19:34:57.341+0000[0m] {[34m__init__.py:[0m43} INFO[0m - Loaded API auth backend: airflow.api.auth.backend.basic_auth[0m
[[34m2026-04-09T19:34:57.341+0000[0m] {[34m__init__.py:[0m43} INFO[0m - Loaded API auth backend: airflow.api.auth.backend.session[0m
     |                   |                      |                      |                     |          |                  | last_scheduling_deci |                     |          |            |       
conf | dag_id            | dag_run_id           | data_interval_start  | data_interval_end   | end_date | external_trigger | sion                 | logical_date        | run_type | start_date | state 
=====+===================+======================+======================+=====================+==========+==================+======================+=====================+==========+============+=======
{}   | vlm_data_pipeline | manual__2026-04-09T1 | 2026-04-09           | 2026-04-09          | None     | True             | None                 | 2026-04-09          | manual   | None       | queued
     |                   | 9:34:57+00:00        | 19:34:57+00:00       | 19:34:57+00:00      |          |                  |                      | 19:34:57+00:00      |          |            |       
                                                                                                                                                                                                        
